Copyright 1986-2020 Xilinx, Inc. All Rights Reserved.
------------------------------------------------------------------------------------
| Tool Version : Vivado v.2020.2 (win64) Build 3064766 Wed Nov 18 09:12:45 MST 2020
| Date         : Thu May 27 01:31:26 2021
| Host         : kPC running 64-bit major release  (build 9200)
| Command      : report_clock_utilization -file top_clock_utilization_routed.rpt
| Design       : top
| Device       : 7a100t-csg324
| Speed File   : -1  PRODUCTION 1.23 2018-06-13
| Design State : Routed
------------------------------------------------------------------------------------

Clock Utilization Report

Table of Contents
-----------------
1. Clock Primitive Utilization
2. Global Clock Resources
3. Global Clock Source Details
4. Local Clock Details
5. Clock Regions: Key Resource Utilization
6. Clock Regions : Global Clock Summary
7. Device Cell Placement Summary for Global Clock g0
8. Device Cell Placement Summary for Global Clock g1
9. Device Cell Placement Summary for Global Clock g2
10. Device Cell Placement Summary for Global Clock g3
11. Device Cell Placement Summary for Global Clock g4
12. Device Cell Placement Summary for Global Clock g5
13. Device Cell Placement Summary for Global Clock g6
14. Device Cell Placement Summary for Global Clock g7
15. Device Cell Placement Summary for Global Clock g8
16. Device Cell Placement Summary for Global Clock g9
17. Device Cell Placement Summary for Global Clock g10
18. Device Cell Placement Summary for Global Clock g11
19. Device Cell Placement Summary for Global Clock g12
20. Device Cell Placement Summary for Global Clock g13
21. Device Cell Placement Summary for Global Clock g14
22. Device Cell Placement Summary for Global Clock g15
23. Device Cell Placement Summary for Global Clock g16
24. Device Cell Placement Summary for Global Clock g17
25. Clock Region Cell Placement per Global Clock: Region X0Y1
26. Clock Region Cell Placement per Global Clock: Region X1Y1
27. Clock Region Cell Placement per Global Clock: Region X0Y2
28. Clock Region Cell Placement per Global Clock: Region X1Y2
29. Clock Region Cell Placement per Global Clock: Region X0Y3
30. Clock Region Cell Placement per Global Clock: Region X1Y3

1. Clock Primitive Utilization
------------------------------

+----------+------+-----------+-----+--------------+--------+
| Type     | Used | Available | LOC | Clock Region | Pblock |
+----------+------+-----------+-----+--------------+--------+
| BUFGCTRL |   17 |        32 |   0 |            0 |      0 |
| BUFH     |    1 |        96 |   0 |            0 |      0 |
| BUFIO    |    0 |        24 |   0 |            0 |      0 |
| BUFMR    |    0 |        12 |   0 |            0 |      0 |
| BUFR     |    0 |        24 |   0 |            0 |      0 |
| MMCM     |    3 |         6 |   1 |            0 |      0 |
| PLL      |    1 |         6 |   1 |            0 |      0 |
+----------+------+-----------+-----+--------------+--------+


2. Global Clock Resources
-------------------------

+-----------+-----------+-----------------+------------+----------------+--------------+-------------------+-------------+-----------------+--------------+-------------------------+-------------------------------------------------------------------------------------+----------------------------------------------------------------------------+
| Global Id | Source Id | Driver Type/Pin | Constraint | Site           | Clock Region | Load Clock Region | Clock Loads | Non-Clock Loads | Clock Period | Clock                   | Driver Pin                                                                          | Net                                                                        |
+-----------+-----------+-----------------+------------+----------------+--------------+-------------------+-------------+-----------------+--------------+-------------------------+-------------------------------------------------------------------------------------+----------------------------------------------------------------------------+
| g0        | src0      | BUFG/O          | None       | BUFGCTRL_X0Y0  | n/a          |                 4 |        3558 |               0 |              |                         | DDR2/singal_controller/ddr2_ram/u_sdram_mig/u_ddr2_infrastructure/u_bufg_clkdiv0/O  | DDR2/singal_controller/ddr2_ram/u_sdram_mig/u_ddr2_infrastructure/CLK      |
| g1        | src1      | BUFG/O          | None       | BUFGCTRL_X0Y1  | n/a          |                 4 |        2848 |               0 |              |                         | Q1_reg_i_3/O                                                                        | CLK5MHZ                                                                    |
| g2        | src2      | BUFG/O          | None       | BUFGCTRL_X0Y2  | n/a          |                 3 |         141 |               0 |       40.000 | clk_out_clk_wiz_25MHZ   | wiz25mhz/inst/clkout1_buf/O                                                         | wiz25mhz/inst/clk_out                                                      |
| g3        | src3      | BUFG/O          | None       | BUFGCTRL_X0Y3  | n/a          |                 2 |          64 |               0 |              |                         | n_0_10559_BUFG_inst/O                                                               | n_0_10559_BUFG                                                             |
| g4        | src4      | BUFG/O          | None       | BUFGCTRL_X0Y4  | n/a          |                 2 |          64 |               0 |              |                         | n_1_11195_BUFG_inst/O                                                               | n_1_11195_BUFG                                                             |
| g5        | src5      | BUFG/O          | None       | BUFGCTRL_X0Y16 | n/a          |                 2 |          62 |               0 |        5.000 | clk_out_clk_wiz_200MHZ  | wiz200mhz/inst/clkout1_buf/O                                                        | wiz200mhz/inst/clk_out                                                     |
| g6        | src6      | BUFG/O          | None       | BUFGCTRL_X0Y5  | n/a          |                 3 |          39 |               0 |              |                         | n_2_16018_BUFG_inst/O                                                               | n_2_16018_BUFG                                                             |
| g7        | src7      | BUFG/O          | None       | BUFGCTRL_X0Y6  | n/a          |                 2 |          37 |               0 |              |                         | CPUn_3_14733_BUFG_inst/O                                                            | CPUn_3_14733_BUFG                                                          |
| g8        | src8      | BUFG/O          | None       | BUFGCTRL_X0Y7  | n/a          |                 2 |          36 |               0 |              |                         | n_3_14652_BUFG_inst/O                                                               | n_3_14652_BUFG                                                             |
| g9        | src9      | BUFG/O          | None       | BUFGCTRL_X0Y8  | n/a          |                 1 |          32 |               0 |              |                         | CPUn_7_14764_BUFG_inst/O                                                            | CPUn_7_14764_BUFG                                                          |
| g10       | src10     | BUFG/O          | None       | BUFGCTRL_X0Y9  | n/a          |                 2 |          32 |               0 |              |                         | n_4_14479_BUFG_inst/O                                                               | n_4_14479_BUFG                                                             |
| g11       | src11     | BUFG/O          | None       | BUFGCTRL_X0Y10 | n/a          |                 2 |          32 |               0 |              |                         | n_5_11194_BUFG_inst/O                                                               | n_5_11194_BUFG                                                             |
| g12       | src12     | BUFG/O          | None       | BUFGCTRL_X0Y11 | n/a          |                 2 |          32 |               0 |              |                         | n_6_11162_BUFG_inst/O                                                               | n_6_11162_BUFG                                                             |
| g13       | src13     | BUFG/O          | None       | BUFGCTRL_X0Y12 | n/a          |                 1 |          32 |               0 |              |                         | n_7_13632_BUFG_inst/O                                                               | n_7_13632_BUFG                                                             |
| g14       | src14     | BUFG/O          | None       | BUFGCTRL_X0Y13 | n/a          |                 1 |           2 |               0 |              |                         | FSM_sequential_state_reg[1]_i_2/O                                                   | iIF_branch_predict_fail                                                    |
| g15       | src15     | BUFH/O          | None       | BUFHCE_X1Y12   | X1Y1         |                 1 |           1 |               0 |              |                         | DDR2/singal_controller/ddr2_ram/u_sdram_mig/u_ddr2_infrastructure/u_bufh_pll_clk3/O | DDR2/singal_controller/ddr2_ram/u_sdram_mig/u_ddr2_infrastructure/pll_clk3 |
| g16       | src16     | BUFG/O          | None       | BUFGCTRL_X0Y17 | n/a          |                 1 |           1 |               0 |       10.000 | clkfbout_clk_wiz_200MHZ | wiz200mhz/inst/clkf_buf/O                                                           | wiz200mhz/inst/clkfbout_buf_clk_wiz_200MHZ                                 |
| g17       | src17     | BUFG/O          | None       | BUFGCTRL_X0Y14 | n/a          |                 1 |           1 |               0 |       10.000 | clkfbout_clk_wiz_25MHZ  | wiz25mhz/inst/clkf_buf/O                                                            | wiz25mhz/inst/clkfbout_buf_clk_wiz_25MHZ                                   |
+-----------+-----------+-----------------+------------+----------------+--------------+-------------------+-------------+-----------------+--------------+-------------------------+-------------------------------------------------------------------------------------+----------------------------------------------------------------------------+
* Clock Loads column represents the clock pin loads (pin count)
** Non-Clock Loads column represents the non-clock pin loads (pin count)


3. Global Clock Source Details
------------------------------

+-----------+-----------+---------------------+-----------------+-----------------+--------------+-------------+-----------------+---------------------+-------------------------+--------------------------------------------------------------------------------------------+--------------------------------------------------------------------------------+
| Source Id | Global Id | Driver Type/Pin     | Constraint      | Site            | Clock Region | Clock Loads | Non-Clock Loads | Source Clock Period | Source Clock            | Driver Pin                                                                                 | Net                                                                            |
+-----------+-----------+---------------------+-----------------+-----------------+--------------+-------------+-----------------+---------------------+-------------------------+--------------------------------------------------------------------------------------------+--------------------------------------------------------------------------------+
| src0      | g0        | MMCME2_ADV/CLKFBOUT | MMCME2_ADV_X1Y1 | MMCME2_ADV_X1Y1 | X1Y1         |           1 |               0 |                     |                         | DDR2/singal_controller/ddr2_ram/u_sdram_mig/u_ddr2_infrastructure/gen_mmcm.mmcm_i/CLKFBOUT | DDR2/singal_controller/ddr2_ram/u_sdram_mig/u_ddr2_infrastructure/clk_pll_i    |
| src1      | g1        | FDCE/Q              | None            | SLICE_X4Y130    | X0Y2         |           1 |               6 |                     |                         | CPU/Divider_slow1/out_reg/Q                                                                | CPU/Divider_slow1/out_reg_0                                                    |
| src2      | g2        | MMCME2_ADV/CLKOUT0  | None            | MMCME2_ADV_X0Y1 | X0Y1         |           1 |               0 |              40.000 | clk_out_clk_wiz_25MHZ   | wiz25mhz/inst/mmcm_adv_inst/CLKOUT0                                                        | wiz25mhz/inst/clk_out_clk_wiz_25MHZ                                            |
| src3      | g3        | LUT3/O              | None            | SLICE_X52Y97    | X1Y1         |           1 |               0 |                     |                         | CPU/CPU/DEreg/n_0_10559_BUFG_inst_i_1/O                                                    | CPU/CPU/DEreg/n_0_10559_BUFG_inst_n_1                                          |
| src4      | g4        | LUT3/O              | None            | SLICE_X53Y97    | X1Y1         |           1 |               0 |                     |                         | CPU/CPU/DEreg/n_1_11195_BUFG_inst_i_1/O                                                    | CPU/CPU/DEreg/n_1_11195_BUFG_inst_n_2                                          |
| src5      | g5        | MMCME2_ADV/CLKOUT0  | None            | MMCME2_ADV_X0Y3 | X0Y3         |           1 |               0 |               5.000 | clk_out_clk_wiz_200MHZ  | wiz200mhz/inst/mmcm_adv_inst/CLKOUT0                                                       | wiz200mhz/inst/clk_out_clk_wiz_200MHZ                                          |
| src6      | g6        | LUT3/O              | None            | SLICE_X53Y97    | X1Y1         |           1 |               0 |                     |                         | SD/n_2_16018_BUFG_inst_i_1/O                                                               | SD/n_2_16018_BUFG_inst_n_3                                                     |
| src7      | g7        | LUT4/O              | None            | SLICE_X52Y96    | X1Y1         |           1 |               0 |                     |                         | CPU/CPU/ID/DECODER/CPUn_3_14733_BUFG_inst_i_1/O                                            | CPU/CPU/ID/DECODER/CPUn_3_14733_BUFG_inst_n_3                                  |
| src8      | g8        | LUT4/O              | None            | SLICE_X52Y96    | X1Y1         |           1 |               0 |                     |                         | CPU/CPU/EMreg/n_3_14652_BUFG_inst_i_1/O                                                    | CPU/CPU/EMreg/n_3_14652_BUFG_inst_n_4                                          |
| src9      | g9        | LUT2/O              | None            | SLICE_X53Y96    | X1Y1         |           1 |               0 |                     |                         | CPU/CPU/DEreg/CPUn_7_14764_BUFG_inst_i_1/O                                                 | CPU/CPU/DEreg/CPUn_7_14764_BUFG_inst_n_7                                       |
| src10     | g10       | LUT4/O              | None            | SLICE_X52Y96    | X1Y1         |           1 |               0 |                     |                         | CPU/CPU/ID/CONTROL_UNIT/n_4_14479_BUFG_inst_i_1/O                                          | CPU/CPU/ID/CONTROL_UNIT/n_4_14479_BUFG_inst_n_5                                |
| src11     | g11       | LUT3/O              | None            | SLICE_X52Y96    | X1Y1         |           1 |               0 |                     |                         | CPU/CPU/DEreg/n_5_11194_BUFG_inst_i_1/O                                                    | CPU/CPU/DEreg/n_5_11194_BUFG_inst_n_6                                          |
| src12     | g12       | LUT3/O              | None            | SLICE_X52Y97    | X1Y1         |           1 |               0 |                     |                         | CPU/CPU/DEreg/n_6_11162_BUFG_inst_i_1/O                                                    | CPU/CPU/DEreg/n_6_11162_BUFG_inst_n_7                                          |
| src13     | g13       | LUT6/O              | None            | SLICE_X53Y96    | X1Y1         |           1 |               0 |                     |                         | CPU/CPU/ID/CONTROL_UNIT/n_7_13632_BUFG_inst_i_1/O                                          | CPU/CPU/ID/CONTROL_UNIT/n_7_13632_BUFG_inst_n_8                                |
| src14     | g14       | LDCE/Q              | None            | SLICE_X50Y112   | X0Y2         |           1 |              36 |                     |                         | CPU/CPU/EXE/branch_predict_fail_reg/Q                                                      | CPU/CPU/EXE/D_branch_inst_reg_inv                                              |
| src15     | g15       | PLLE2_ADV/CLKOUT3   | PLLE2_ADV_X1Y1  | PLLE2_ADV_X1Y1  | X1Y1         |           1 |               0 |                     |                         | DDR2/singal_controller/ddr2_ram/u_sdram_mig/u_ddr2_infrastructure/plle2_i/CLKOUT3          | DDR2/singal_controller/ddr2_ram/u_sdram_mig/u_ddr2_infrastructure/pll_clk3_out |
| src16     | g16       | MMCME2_ADV/CLKFBOUT | None            | MMCME2_ADV_X0Y3 | X0Y3         |           1 |               0 |              10.000 | clkfbout_clk_wiz_200MHZ | wiz200mhz/inst/mmcm_adv_inst/CLKFBOUT                                                      | wiz200mhz/inst/clkfbout_clk_wiz_200MHZ                                         |
| src17     | g17       | MMCME2_ADV/CLKFBOUT | None            | MMCME2_ADV_X0Y1 | X0Y1         |           1 |               0 |              10.000 | clkfbout_clk_wiz_25MHZ  | wiz25mhz/inst/mmcm_adv_inst/CLKFBOUT                                                       | wiz25mhz/inst/clkfbout_clk_wiz_25MHZ                                           |
+-----------+-----------+---------------------+-----------------+-----------------+--------------+-------------+-----------------+---------------------+-------------------------+--------------------------------------------------------------------------------------------+--------------------------------------------------------------------------------+
* Clock Loads column represents the clock pin loads (pin count)
** Non-Clock Loads column represents the non-clock pin loads (pin count)


4. Local Clock Details
----------------------

+----------+----------------------------+---------------------+------------------------------------+--------------+-------------+-----------------+--------------+-------+------------------------------------------------------------------------------------------------------------------------------------------------------------------------------------------------------------------+---------------------------------------------------------------------------------------------------------------------------------------------------------------------------------------------------------------+
| Local Id | Driver Type/Pin            | Constraint          | Site/BEL                           | Clock Region | Clock Loads | Non-Clock Loads | Clock Period | Clock | Driver Pin                                                                                                                                                                                                       | Net                                                                                                                                                                                                           |
+----------+----------------------------+---------------------+------------------------------------+--------------+-------------+-----------------+--------------+-------+------------------------------------------------------------------------------------------------------------------------------------------------------------------------------------------------------------------+---------------------------------------------------------------------------------------------------------------------------------------------------------------------------------------------------------------||
| 0        | PLLE2_ADV/CLKOUT0          | PLLE2_ADV_X1Y1      | PLLE2_ADV_X1Y1/PLLE2_ADV           | X1Y1         |           5 |               2 |              |       | DDR2/singal_controller/ddr2_ram/u_sdram_mig/u_ddr2_infrastructure/plle2_i/CLKOUT0                                                                                                                                | DDR2/singal_controller/ddr2_ram/u_sdram_mig/u_ddr2_infrastructure/freq_refclk                                                                                                                                 - Static -
| 1        | FDCE/Q                     | None                | SLICE_X56Y102/CFF                  | X1Y2         |           3 |               1 |              |       | SEG/cnt_reg[14]/Q                                                                                                                                                                                                | SEG/seg7_clk                                                                                                                                                                                                  - Static -
| 2        | PHASER_OUT_PHY/OCLKDELAYED | PHASER_OUT_PHY_X1Y4 | PHASER_OUT_PHY_X1Y4/PHASER_OUT_PHY | X1Y1         |           2 |               0 |              |       | DDR2/singal_controller/ddr2_ram/u_sdram_mig/u_memc_ui_top_std/mem_intfc0/ddr_phy_top0/u_ddr_mc_phy_wrapper/u_ddr_mc_phy/ddr_phy_4lanes_0.u_ddr_phy_4lanes/ddr_byte_lane_A.ddr_byte_lane_A/phaser_out/OCLKDELAYED | DDR2/singal_controller/ddr2_ram/u_sdram_mig/u_memc_ui_top_std/mem_intfc0/ddr_phy_top0/u_ddr_mc_phy_wrapper/u_ddr_mc_phy/ddr_phy_4lanes_0.u_ddr_phy_4lanes/ddr_byte_lane_A.ddr_byte_lane_A/oserdes_clk_delayed - Static -
| 3        | PHASER_OUT_PHY/OCLKDELAYED | PHASER_OUT_PHY_X1Y6 | PHASER_OUT_PHY_X1Y6/PHASER_OUT_PHY | X1Y1         |           2 |               0 |              |       | DDR2/singal_controller/ddr2_ram/u_sdram_mig/u_memc_ui_top_std/mem_intfc0/ddr_phy_top0/u_ddr_mc_phy_wrapper/u_ddr_mc_phy/ddr_phy_4lanes_0.u_ddr_phy_4lanes/ddr_byte_lane_C.ddr_byte_lane_C/phaser_out/OCLKDELAYED | DDR2/singal_controller/ddr2_ram/u_sdram_mig/u_memc_ui_top_std/mem_intfc0/ddr_phy_top0/u_ddr_mc_phy_wrapper/u_ddr_mc_phy/ddr_phy_4lanes_0.u_ddr_phy_4lanes/ddr_byte_lane_C.ddr_byte_lane_C/oserdes_clk_delayed - Static -
| 4        | PLLE2_ADV/CLKOUT1          | PLLE2_ADV_X1Y1      | PLLE2_ADV_X1Y1/PLLE2_ADV           | X1Y1         |           1 |               6 |              |       | DDR2/singal_controller/ddr2_ram/u_sdram_mig/u_ddr2_infrastructure/plle2_i/CLKOUT1                                                                                                                                | DDR2/singal_controller/ddr2_ram/u_sdram_mig/u_ddr2_infrastructure/mem_refclk                                                                                                                                  - Static -
+----------+----------------------------+---------------------+------------------------------------+--------------+-------------+-----------------+--------------+-------+------------------------------------------------------------------------------------------------------------------------------------------------------------------------------------------------------------------+---------------------------------------------------------------------------------------------------------------------------------------------------------------------------------------------------------------||
* Local Clocks in this context represents only clocks driven by non-global buffers
** Clock Loads column represents the clock pin loads (pin count)
*** Non-Clock Loads column represents the non-clock pin loads (pin count)


5. Clock Regions: Key Resource Utilization
------------------------------------------

+-------------------+--------------+--------------+--------------+--------------+--------------+--------------+--------------+--------------+--------------+--------------+--------------+--------------+--------------+--------------+--------------+
|                   | Global Clock |     BUFRs    |    BUFMRs    |    BUFIOs    |     MMCM     |      PLL     |      GT      |      PCI     |    ILOGIC    |    OLOGIC    |      FF      |     LUTM     |    RAMB18    |    RAMB36    |    DSP48E2   |
+-------------------+------+-------+------+-------+------+-------+------+-------+------+-------+------+-------+------+-------+------+-------+------+-------+------+-------+------+-------+------+-------+------+-------+------+-------+------+-------+
| Clock Region Name | Used | Avail | Used | Avail | Used | Avail | Used | Avail | Used | Avail | Used | Avail | Used | Avail | Used | Avail | Used | Avail | Used | Avail | Used | Avail | Used | Avail | Used | Avail | Used | Avail | Used | Avail |
+-------------------+------+-------+------+-------+------+-------+------+-------+------+-------+------+-------+------+-------+------+-------+------+-------+------+-------+------+-------+------+-------+------+-------+------+-------+------+-------+
| X0Y0              |    0 |    12 |    0 |     4 |    0 |     2 |    0 |     4 |    0 |     1 |    0 |     1 |    0 |     0 |    0 |     0 |    0 |    50 |    0 |    50 |    0 |  2600 |    0 |   600 |    0 |    20 |    0 |    10 |    0 |    20 |
| X1Y0              |    0 |    12 |    0 |     0 |    0 |     0 |    0 |     0 |    0 |     0 |    0 |     0 |    0 |     4 |    0 |     0 |    0 |     0 |    0 |     0 |    0 |  1500 |    0 |   550 |    0 |    40 |    0 |    20 |    0 |    40 |
| X0Y1              |    3 |    12 |    0 |     4 |    0 |     2 |    0 |     4 |    1 |     1 |    0 |     1 |    0 |     0 |    0 |     0 |    0 |    50 |    0 |    50 | 1248 |  2000 |  291 |   600 |    0 |    20 |    0 |    10 |    0 |    20 |
| X1Y1              |    6 |    12 |    0 |     4 |    0 |     2 |    0 |     4 |    1 |     1 |    0 |     1 |    0 |     0 |    0 |     0 |    0 |    50 |    4 |    50 | 1783 |  1900 |  601 |   650 |    0 |    60 |    0 |    30 |    0 |    40 |
| X0Y2              |   12 |    12 |    0 |     4 |    0 |     2 |    0 |     4 |    0 |     1 |    0 |     1 |    0 |     0 |    0 |     0 |    0 |    50 |    0 |    50 |  758 |  2000 |  215 |   600 |    0 |    20 |    0 |    10 |    0 |    20 |
| X1Y2              |   12 |    12 |    0 |     4 |    0 |     2 |    0 |     4 |    0 |     1 |    0 |     1 |    0 |     0 |    0 |     0 |    0 |    50 |    0 |    50 | 2617 |  1900 |  969 |   650 |    0 |    60 |    0 |    30 |    0 |    40 |
| X0Y3              |    2 |    12 |    0 |     4 |    0 |     2 |    0 |     4 |    1 |     1 |    0 |     1 |    0 |     0 |    0 |     0 |    0 |    50 |    0 |    50 |    5 |  2600 |    1 |   600 |    0 |    20 |    0 |    10 |    0 |    20 |
| X1Y3              |    1 |    12 |    0 |     0 |    0 |     0 |    0 |     0 |    0 |     0 |    0 |     0 |    0 |     4 |    0 |     1 |    0 |     0 |    0 |     0 |   30 |  1350 |   10 |   500 |    0 |    30 |    0 |    15 |    0 |    40 |
+-------------------+------+-------+------+-------+------+-------+------+-------+------+-------+------+-------+------+-------+------+-------+------+-------+------+-------+------+-------+------+-------+------+-------+------+-------+------+-------+
* Global Clock column represents track count; while other columns represents cell counts


6. Clock Regions : Global Clock Summary
---------------------------------------

All Modules
+----+----+----+
|    | X0 | X1 |
+----+----+----+
| Y3 |  2 |  1 |
| Y2 | 12 | 12 |
| Y1 |  3 |  6 |
| Y0 |  0 |  0 |
+----+----+----+


7. Device Cell Placement Summary for Global Clock g0
----------------------------------------------------

+-----------+-----------------+-------------------+-------+-------------+---------------+-------------+----------+----------------+----------+-----------------------------------------------------------------------+
| Global Id | Driver Type/Pin | Driver Region (D) | Clock | Period (ns) | Waveform (ns) | Slice Loads | IO Loads | Clocking Loads | GT Loads | Net                                                                   |
+-----------+-----------------+-------------------+-------+-------------+---------------+-------------+----------+----------------+----------+-----------------------------------------------------------------------+
| g0        | BUFG/O          | n/a               |       |             |               |        3432 |        0 |              1 |        0 | DDR2/singal_controller/ddr2_ram/u_sdram_mig/u_ddr2_infrastructure/CLK |
+-----------+-----------------+-------------------+-------+-------------+---------------+-------------+----------+----------------+----------+-----------------------------------------------------------------------+
* Slice Loads column represents load cell count of all cell types other than IO, GT and clock resources
** IO Loads column represents load cell count of IO types
*** Clocking Loads column represents load cell count that are clock resources (global clock buffer, MMCM, PLL, etc)
**** GT Loads column represents load cell count of GT types


+----+-------+-------+-----------------------+
|    | X0    | X1    | HORIZONTAL PROG DELAY |
+----+-------+-------+-----------------------+
| Y3 |     0 |     0 |                     0 |
| Y2 |   285 |    94 |                     0 |
| Y1 |  1252 |  1802 |                     0 |
| Y0 |     0 |     0 |                     0 |
+----+-------+-------+-----------------------+


8. Device Cell Placement Summary for Global Clock g1
----------------------------------------------------

+-----------+-----------------+-------------------+-------+-------------+---------------+-------------+----------+----------------+----------+---------+
| Global Id | Driver Type/Pin | Driver Region (D) | Clock | Period (ns) | Waveform (ns) | Slice Loads | IO Loads | Clocking Loads | GT Loads | Net     |
+-----------+-----------------+-------------------+-------+-------------+---------------+-------------+----------+----------------+----------+---------+
| g1        | BUFG/O          | n/a               |       |             |               |        2848 |        0 |              0 |        0 | CLK5MHZ |
+-----------+-----------------+-------------------+-------+-------------+---------------+-------------+----------+----------------+----------+---------+
* Slice Loads column represents load cell count of all cell types other than IO, GT and clock resources
** IO Loads column represents load cell count of IO types
*** Clocking Loads column represents load cell count that are clock resources (global clock buffer, MMCM, PLL, etc)
**** GT Loads column represents load cell count of GT types


+----+------+-------+-----------------------+
|    | X0   | X1    | HORIZONTAL PROG DELAY |
+----+------+-------+-----------------------+
| Y3 |    5 |    30 |                     0 |
| Y2 |  406 |  2407 |                     0 |
| Y1 |    0 |     0 |                     0 |
| Y0 |    0 |     0 |                     0 |
+----+------+-------+-----------------------+


9. Device Cell Placement Summary for Global Clock g2
----------------------------------------------------

+-----------+-----------------+-------------------+-----------------------+-------------+----------------+-------------+----------+----------------+----------+-----------------------+
| Global Id | Driver Type/Pin | Driver Region (D) | Clock                 | Period (ns) | Waveform (ns)  | Slice Loads | IO Loads | Clocking Loads | GT Loads | Net                   |
+-----------+-----------------+-------------------+-----------------------+-------------+----------------+-------------+----------+----------------+----------+-----------------------+
| g2        | BUFG/O          | n/a               | clk_out_clk_wiz_25MHZ |      40.000 | {0.000 20.000} |         141 |        0 |              0 |        0 | wiz25mhz/inst/clk_out |
+-----------+-----------------+-------------------+-----------------------+-------------+----------------+-------------+----------+----------------+----------+-----------------------+
* Slice Loads column represents load cell count of all cell types other than IO, GT and clock resources
** IO Loads column represents load cell count of IO types
*** Clocking Loads column represents load cell count that are clock resources (global clock buffer, MMCM, PLL, etc)
**** GT Loads column represents load cell count of GT types


+----+-----+------+-----------------------+
|    | X0  | X1   | HORIZONTAL PROG DELAY |
+----+-----+------+-----------------------+
| Y3 |   0 |    0 |                     0 |
| Y2 |  22 |  112 |                     0 |
| Y1 |   0 |    7 |                     0 |
| Y0 |   0 |    0 |                     0 |
+----+-----+------+-----------------------+


10. Device Cell Placement Summary for Global Clock g3
-----------------------------------------------------

+-----------+-----------------+-------------------+-------+-------------+---------------+-------------+----------+----------------+----------+----------------+
| Global Id | Driver Type/Pin | Driver Region (D) | Clock | Period (ns) | Waveform (ns) | Slice Loads | IO Loads | Clocking Loads | GT Loads | Net            |
+-----------+-----------------+-------------------+-------+-------------+---------------+-------------+----------+----------------+----------+----------------+
| g3        | BUFG/O          | n/a               |       |             |               |          64 |        0 |              0 |        0 | n_0_10559_BUFG |
+-----------+-----------------+-------------------+-------+-------------+---------------+-------------+----------+----------------+----------+----------------+
* Slice Loads column represents load cell count of all cell types other than IO, GT and clock resources
** IO Loads column represents load cell count of IO types
*** Clocking Loads column represents load cell count that are clock resources (global clock buffer, MMCM, PLL, etc)
**** GT Loads column represents load cell count of GT types


+----+-----+----+-----------------------+
|    | X0  | X1 | HORIZONTAL PROG DELAY |
+----+-----+----+-----------------------+
| Y3 |   0 |  0 |                     0 |
| Y2 |  63 |  0 |                     0 |
| Y1 |   0 |  1 |                     0 |
| Y0 |   0 |  0 |                     0 |
+----+-----+----+-----------------------+


11. Device Cell Placement Summary for Global Clock g4
-----------------------------------------------------

+-----------+-----------------+-------------------+-------+-------------+---------------+-------------+----------+----------------+----------+----------------+
| Global Id | Driver Type/Pin | Driver Region (D) | Clock | Period (ns) | Waveform (ns) | Slice Loads | IO Loads | Clocking Loads | GT Loads | Net            |
+-----------+-----------------+-------------------+-------+-------------+---------------+-------------+----------+----------------+----------+----------------+
| g4        | BUFG/O          | n/a               |       |             |               |          64 |        0 |              0 |        0 | n_1_11195_BUFG |
+-----------+-----------------+-------------------+-------+-------------+---------------+-------------+----------+----------------+----------+----------------+
* Slice Loads column represents load cell count of all cell types other than IO, GT and clock resources
** IO Loads column represents load cell count of IO types
*** Clocking Loads column represents load cell count that are clock resources (global clock buffer, MMCM, PLL, etc)
**** GT Loads column represents load cell count of GT types


+----+-----+-----+-----------------------+
|    | X0  | X1  | HORIZONTAL PROG DELAY |
+----+-----+-----+-----------------------+
| Y3 |   0 |   0 |                     0 |
| Y2 |  31 |  33 |                     0 |
| Y1 |   0 |   0 |                     0 |
| Y0 |   0 |   0 |                     0 |
+----+-----+-----+-----------------------+


12. Device Cell Placement Summary for Global Clock g5
-----------------------------------------------------

+-----------+-----------------+-------------------+------------------------+-------------+---------------+-------------+----------+----------------+----------+------------------------+
| Global Id | Driver Type/Pin | Driver Region (D) | Clock                  | Period (ns) | Waveform (ns) | Slice Loads | IO Loads | Clocking Loads | GT Loads | Net                    |
+-----------+-----------------+-------------------+------------------------+-------------+---------------+-------------+----------+----------------+----------+------------------------+
| g5        | BUFG/O          | n/a               | clk_out_clk_wiz_200MHZ |       5.000 | {0.000 2.500} |          62 |        0 |              0 |        0 | wiz200mhz/inst/clk_out |
+-----------+-----------------+-------------------+------------------------+-------------+---------------+-------------+----------+----------------+----------+------------------------+
* Slice Loads column represents load cell count of all cell types other than IO, GT and clock resources
** IO Loads column represents load cell count of IO types
*** Clocking Loads column represents load cell count that are clock resources (global clock buffer, MMCM, PLL, etc)
**** GT Loads column represents load cell count of GT types


+----+-----+-----+-----------------------+
|    | X0  | X1  | HORIZONTAL PROG DELAY |
+----+-----+-----+-----------------------+
| Y3 |   0 |   0 |                     0 |
| Y2 |  46 |   0 |                     0 |
| Y1 |   0 |  16 |                     0 |
| Y0 |   0 |   0 |                     0 |
+----+-----+-----+-----------------------+


13. Device Cell Placement Summary for Global Clock g6
-----------------------------------------------------

+-----------+-----------------+-------------------+-------+-------------+---------------+-------------+----------+----------------+----------+----------------+
| Global Id | Driver Type/Pin | Driver Region (D) | Clock | Period (ns) | Waveform (ns) | Slice Loads | IO Loads | Clocking Loads | GT Loads | Net            |
+-----------+-----------------+-------------------+-------+-------------+---------------+-------------+----------+----------------+----------+----------------+
| g6        | BUFG/O          | n/a               |       |             |               |          39 |        0 |              0 |        0 | n_2_16018_BUFG |
+-----------+-----------------+-------------------+-------+-------------+---------------+-------------+----------+----------------+----------+----------------+
* Slice Loads column represents load cell count of all cell types other than IO, GT and clock resources
** IO Loads column represents load cell count of IO types
*** Clocking Loads column represents load cell count that are clock resources (global clock buffer, MMCM, PLL, etc)
**** GT Loads column represents load cell count of GT types


+----+-----+----+-----------------------+
|    | X0  | X1 | HORIZONTAL PROG DELAY |
+----+-----+----+-----------------------+
| Y3 |   0 |  0 |                     0 |
| Y2 |  24 |  0 |                     0 |
| Y1 |  12 |  3 |                     0 |
| Y0 |   0 |  0 |                     0 |
+----+-----+----+-----------------------+


14. Device Cell Placement Summary for Global Clock g7
-----------------------------------------------------

+-----------+-----------------+-------------------+-------+-------------+---------------+-------------+----------+----------------+----------+-------------------+
| Global Id | Driver Type/Pin | Driver Region (D) | Clock | Period (ns) | Waveform (ns) | Slice Loads | IO Loads | Clocking Loads | GT Loads | Net               |
+-----------+-----------------+-------------------+-------+-------------+---------------+-------------+----------+----------------+----------+-------------------+
| g7        | BUFG/O          | n/a               |       |             |               |          37 |        0 |              0 |        0 | CPUn_3_14733_BUFG |
+-----------+-----------------+-------------------+-------+-------------+---------------+-------------+----------+----------------+----------+-------------------+
* Slice Loads column represents load cell count of all cell types other than IO, GT and clock resources
** IO Loads column represents load cell count of IO types
*** Clocking Loads column represents load cell count that are clock resources (global clock buffer, MMCM, PLL, etc)
**** GT Loads column represents load cell count of GT types


+----+-----+-----+-----------------------+
|    | X0  | X1  | HORIZONTAL PROG DELAY |
+----+-----+-----+-----------------------+
| Y3 |   0 |   0 |                     0 |
| Y2 |  12 |  25 |                     0 |
| Y1 |   0 |   0 |                     0 |
| Y0 |   0 |   0 |                     0 |
+----+-----+-----+-----------------------+


15. Device Cell Placement Summary for Global Clock g8
-----------------------------------------------------

+-----------+-----------------+-------------------+-------+-------------+---------------+-------------+----------+----------------+----------+----------------+
| Global Id | Driver Type/Pin | Driver Region (D) | Clock | Period (ns) | Waveform (ns) | Slice Loads | IO Loads | Clocking Loads | GT Loads | Net            |
+-----------+-----------------+-------------------+-------+-------------+---------------+-------------+----------+----------------+----------+----------------+
| g8        | BUFG/O          | n/a               |       |             |               |          36 |        0 |              0 |        0 | n_3_14652_BUFG |
+-----------+-----------------+-------------------+-------+-------------+---------------+-------------+----------+----------------+----------+----------------+
* Slice Loads column represents load cell count of all cell types other than IO, GT and clock resources
** IO Loads column represents load cell count of IO types
*** Clocking Loads column represents load cell count that are clock resources (global clock buffer, MMCM, PLL, etc)
**** GT Loads column represents load cell count of GT types


+----+----+-----+-----------------------+
|    | X0 | X1  | HORIZONTAL PROG DELAY |
+----+----+-----+-----------------------+
| Y3 |  0 |   0 |                     0 |
| Y2 |  6 |  30 |                     0 |
| Y1 |  0 |   0 |                     0 |
| Y0 |  0 |   0 |                     0 |
+----+----+-----+-----------------------+


16. Device Cell Placement Summary for Global Clock g9
-----------------------------------------------------

+-----------+-----------------+-------------------+-------+-------------+---------------+-------------+----------+----------------+----------+-------------------+
| Global Id | Driver Type/Pin | Driver Region (D) | Clock | Period (ns) | Waveform (ns) | Slice Loads | IO Loads | Clocking Loads | GT Loads | Net               |
+-----------+-----------------+-------------------+-------+-------------+---------------+-------------+----------+----------------+----------+-------------------+
| g9        | BUFG/O          | n/a               |       |             |               |          32 |        0 |              0 |        0 | CPUn_7_14764_BUFG |
+-----------+-----------------+-------------------+-------+-------------+---------------+-------------+----------+----------------+----------+-------------------+
* Slice Loads column represents load cell count of all cell types other than IO, GT and clock resources
** IO Loads column represents load cell count of IO types
*** Clocking Loads column represents load cell count that are clock resources (global clock buffer, MMCM, PLL, etc)
**** GT Loads column represents load cell count of GT types


+----+----+-----+-----------------------+
|    | X0 | X1  | HORIZONTAL PROG DELAY |
+----+----+-----+-----------------------+
| Y3 |  0 |   0 |                     0 |
| Y2 |  0 |  32 |                     0 |
| Y1 |  0 |   0 |                     0 |
| Y0 |  0 |   0 |                     0 |
+----+----+-----+-----------------------+


17. Device Cell Placement Summary for Global Clock g10
------------------------------------------------------

+-----------+-----------------+-------------------+-------+-------------+---------------+-------------+----------+----------------+----------+----------------+
| Global Id | Driver Type/Pin | Driver Region (D) | Clock | Period (ns) | Waveform (ns) | Slice Loads | IO Loads | Clocking Loads | GT Loads | Net            |
+-----------+-----------------+-------------------+-------+-------------+---------------+-------------+----------+----------------+----------+----------------+
| g10       | BUFG/O          | n/a               |       |             |               |          32 |        0 |              0 |        0 | n_4_14479_BUFG |
+-----------+-----------------+-------------------+-------+-------------+---------------+-------------+----------+----------------+----------+----------------+
* Slice Loads column represents load cell count of all cell types other than IO, GT and clock resources
** IO Loads column represents load cell count of IO types
*** Clocking Loads column represents load cell count that are clock resources (global clock buffer, MMCM, PLL, etc)
**** GT Loads column represents load cell count of GT types


+----+----+-----+-----------------------+
|    | X0 | X1  | HORIZONTAL PROG DELAY |
+----+----+-----+-----------------------+
| Y3 |  0 |   0 |                     0 |
| Y2 |  2 |  30 |                     0 |
| Y1 |  0 |   0 |                     0 |
| Y0 |  0 |   0 |                     0 |
+----+----+-----+-----------------------+


18. Device Cell Placement Summary for Global Clock g11
------------------------------------------------------

+-----------+-----------------+-------------------+-------+-------------+---------------+-------------+----------+----------------+----------+----------------+
| Global Id | Driver Type/Pin | Driver Region (D) | Clock | Period (ns) | Waveform (ns) | Slice Loads | IO Loads | Clocking Loads | GT Loads | Net            |
+-----------+-----------------+-------------------+-------+-------------+---------------+-------------+----------+----------------+----------+----------------+
| g11       | BUFG/O          | n/a               |       |             |               |          32 |        0 |              0 |        0 | n_5_11194_BUFG |
+-----------+-----------------+-------------------+-------+-------------+---------------+-------------+----------+----------------+----------+----------------+
* Slice Loads column represents load cell count of all cell types other than IO, GT and clock resources
** IO Loads column represents load cell count of IO types
*** Clocking Loads column represents load cell count that are clock resources (global clock buffer, MMCM, PLL, etc)
**** GT Loads column represents load cell count of GT types


+----+----+-----+-----------------------+
|    | X0 | X1  | HORIZONTAL PROG DELAY |
+----+----+-----+-----------------------+
| Y3 |  0 |   0 |                     0 |
| Y2 |  3 |  29 |                     0 |
| Y1 |  0 |   0 |                     0 |
| Y0 |  0 |   0 |                     0 |
+----+----+-----+-----------------------+


19. Device Cell Placement Summary for Global Clock g12
------------------------------------------------------

+-----------+-----------------+-------------------+-------+-------------+---------------+-------------+----------+----------------+----------+----------------+
| Global Id | Driver Type/Pin | Driver Region (D) | Clock | Period (ns) | Waveform (ns) | Slice Loads | IO Loads | Clocking Loads | GT Loads | Net            |
+-----------+-----------------+-------------------+-------+-------------+---------------+-------------+----------+----------------+----------+----------------+
| g12       | BUFG/O          | n/a               |       |             |               |          32 |        0 |              0 |        0 | n_6_11162_BUFG |
+-----------+-----------------+-------------------+-------+-------------+---------------+-------------+----------+----------------+----------+----------------+
* Slice Loads column represents load cell count of all cell types other than IO, GT and clock resources
** IO Loads column represents load cell count of IO types
*** Clocking Loads column represents load cell count that are clock resources (global clock buffer, MMCM, PLL, etc)
**** GT Loads column represents load cell count of GT types


+----+-----+----+-----------------------+
|    | X0  | X1 | HORIZONTAL PROG DELAY |
+----+-----+----+-----------------------+
| Y3 |   0 |  0 |                     0 |
| Y2 |  30 |  2 |                     0 |
| Y1 |   0 |  0 |                     0 |
| Y0 |   0 |  0 |                     0 |
+----+-----+----+-----------------------+


20. Device Cell Placement Summary for Global Clock g13
------------------------------------------------------

+-----------+-----------------+-------------------+-------+-------------+---------------+-------------+----------+----------------+----------+----------------+
| Global Id | Driver Type/Pin | Driver Region (D) | Clock | Period (ns) | Waveform (ns) | Slice Loads | IO Loads | Clocking Loads | GT Loads | Net            |
+-----------+-----------------+-------------------+-------+-------------+---------------+-------------+----------+----------------+----------+----------------+
| g13       | BUFG/O          | n/a               |       |             |               |          32 |        0 |              0 |        0 | n_7_13632_BUFG |
+-----------+-----------------+-------------------+-------+-------------+---------------+-------------+----------+----------------+----------+----------------+
* Slice Loads column represents load cell count of all cell types other than IO, GT and clock resources
** IO Loads column represents load cell count of IO types
*** Clocking Loads column represents load cell count that are clock resources (global clock buffer, MMCM, PLL, etc)
**** GT Loads column represents load cell count of GT types


+----+----+-----+-----------------------+
|    | X0 | X1  | HORIZONTAL PROG DELAY |
+----+----+-----+-----------------------+
| Y3 |  0 |   0 |                     0 |
| Y2 |  0 |  32 |                     0 |
| Y1 |  0 |   0 |                     0 |
| Y0 |  0 |   0 |                     0 |
+----+----+-----+-----------------------+


21. Device Cell Placement Summary for Global Clock g14
------------------------------------------------------

+-----------+-----------------+-------------------+-------+-------------+---------------+-------------+----------+----------------+----------+-------------------------+
| Global Id | Driver Type/Pin | Driver Region (D) | Clock | Period (ns) | Waveform (ns) | Slice Loads | IO Loads | Clocking Loads | GT Loads | Net                     |
+-----------+-----------------+-------------------+-------+-------------+---------------+-------------+----------+----------------+----------+-------------------------+
| g14       | BUFG/O          | n/a               |       |             |               |           2 |        0 |              0 |        0 | iIF_branch_predict_fail |
+-----------+-----------------+-------------------+-------+-------------+---------------+-------------+----------+----------------+----------+-------------------------+
* Slice Loads column represents load cell count of all cell types other than IO, GT and clock resources
** IO Loads column represents load cell count of IO types
*** Clocking Loads column represents load cell count that are clock resources (global clock buffer, MMCM, PLL, etc)
**** GT Loads column represents load cell count of GT types


+----+----+----+-----------------------+
|    | X0 | X1 | HORIZONTAL PROG DELAY |
+----+----+----+-----------------------+
| Y3 |  0 |  0 |                     0 |
| Y2 |  0 |  2 |                     0 |
| Y1 |  0 |  0 |                     0 |
| Y0 |  0 |  0 |                     0 |
+----+----+----+-----------------------+


22. Device Cell Placement Summary for Global Clock g15
------------------------------------------------------

+-----------+-----------------+-------------------+-------+-------------+---------------+-------------+----------+----------------+----------+----------------------------------------------------------------------------+
| Global Id | Driver Type/Pin | Driver Region (D) | Clock | Period (ns) | Waveform (ns) | Slice Loads | IO Loads | Clocking Loads | GT Loads | Net                                                                        |
+-----------+-----------------+-------------------+-------+-------------+---------------+-------------+----------+----------------+----------+----------------------------------------------------------------------------+
| g15       | BUFH/O          | X1Y1              |       |             |               |           0 |        0 |              1 |        0 | DDR2/singal_controller/ddr2_ram/u_sdram_mig/u_ddr2_infrastructure/pll_clk3 |
+-----------+-----------------+-------------------+-------+-------------+---------------+-------------+----------+----------------+----------+----------------------------------------------------------------------------+
* Slice Loads column represents load cell count of all cell types other than IO, GT and clock resources
** IO Loads column represents load cell count of IO types
*** Clocking Loads column represents load cell count that are clock resources (global clock buffer, MMCM, PLL, etc)
**** GT Loads column represents load cell count of GT types


+----+----+--------+-----------------------+
|    | X0 | X1     | HORIZONTAL PROG DELAY |
+----+----+--------+-----------------------+
| Y3 |  0 |      0 |                     0 |
| Y2 |  0 |      0 |                     0 |
| Y1 |  0 |  (D) 1 |                     0 |
| Y0 |  0 |      0 |                     0 |
+----+----+--------+-----------------------+


23. Device Cell Placement Summary for Global Clock g16
------------------------------------------------------

+-----------+-----------------+-------------------+-------------------------+-------------+---------------+-------------+----------+----------------+----------+--------------------------------------------+
| Global Id | Driver Type/Pin | Driver Region (D) | Clock                   | Period (ns) | Waveform (ns) | Slice Loads | IO Loads | Clocking Loads | GT Loads | Net                                        |
+-----------+-----------------+-------------------+-------------------------+-------------+---------------+-------------+----------+----------------+----------+--------------------------------------------+
| g16       | BUFG/O          | n/a               | clkfbout_clk_wiz_200MHZ |      10.000 | {0.000 5.000} |           0 |        0 |              1 |        0 | wiz200mhz/inst/clkfbout_buf_clk_wiz_200MHZ |
+-----------+-----------------+-------------------+-------------------------+-------------+---------------+-------------+----------+----------------+----------+--------------------------------------------+
* Slice Loads column represents load cell count of all cell types other than IO, GT and clock resources
** IO Loads column represents load cell count of IO types
*** Clocking Loads column represents load cell count that are clock resources (global clock buffer, MMCM, PLL, etc)
**** GT Loads column represents load cell count of GT types


+----+----+----+-----------------------+
|    | X0 | X1 | HORIZONTAL PROG DELAY |
+----+----+----+-----------------------+
| Y3 |  1 |  0 |                     0 |
| Y2 |  0 |  0 |                     0 |
| Y1 |  0 |  0 |                     0 |
| Y0 |  0 |  0 |                     0 |
+----+----+----+-----------------------+


24. Device Cell Placement Summary for Global Clock g17
------------------------------------------------------

+-----------+-----------------+-------------------+------------------------+-------------+---------------+-------------+----------+----------------+----------+------------------------------------------+
| Global Id | Driver Type/Pin | Driver Region (D) | Clock                  | Period (ns) | Waveform (ns) | Slice Loads | IO Loads | Clocking Loads | GT Loads | Net                                      |
+-----------+-----------------+-------------------+------------------------+-------------+---------------+-------------+----------+----------------+----------+------------------------------------------+
| g17       | BUFG/O          | n/a               | clkfbout_clk_wiz_25MHZ |      10.000 | {0.000 5.000} |           0 |        0 |              1 |        0 | wiz25mhz/inst/clkfbout_buf_clk_wiz_25MHZ |
+-----------+-----------------+-------------------+------------------------+-------------+---------------+-------------+----------+----------------+----------+------------------------------------------+
* Slice Loads column represents load cell count of all cell types other than IO, GT and clock resources
** IO Loads column represents load cell count of IO types
*** Clocking Loads column represents load cell count that are clock resources (global clock buffer, MMCM, PLL, etc)
**** GT Loads column represents load cell count of GT types


+----+----+----+-----------------------+
|    | X0 | X1 | HORIZONTAL PROG DELAY |
+----+----+----+-----------------------+
| Y3 |  0 |  0 |                     0 |
| Y2 |  0 |  0 |                     0 |
| Y1 |  1 |  0 |                     0 |
| Y0 |  0 |  0 |                     0 |
+----+----+----+-----------------------+


25. Clock Region Cell Placement per Global Clock: Region X0Y1
-------------------------------------------------------------

+-----------+-------+-----------------+------------+-------------+-----------------+------+--------+------+-----+----+------+-----+---------+-----------------------------------------------------------------------+
| Global Id | Track | Driver Type/Pin | Constraint | Clock Loads | Non-Clock Loads | FF   | LUTRAM | RAMB | DSP | GT | MMCM | PLL | Hard IP | Net                                                                   |
+-----------+-------+-----------------+------------+-------------+-----------------+------+--------+------+-----+----+------+-----+---------+-----------------------------------------------------------------------+
| g0        | n/a   | BUFG/O          | None       |        1252 |               0 | 1248 |      4 |    0 |   0 |  0 |    0 |   0 |       0 | DDR2/singal_controller/ddr2_ram/u_sdram_mig/u_ddr2_infrastructure/CLK |
| g6        | n/a   | BUFG/O          | None       |          12 |               0 |    0 |      0 |    0 |   0 |  0 |    0 |   0 |       0 | n_2_16018_BUFG                                                        |
| g17       | n/a   | BUFG/O          | None       |           1 |               0 |    0 |      0 |    0 |   0 |  0 |    1 |   0 |       0 | wiz25mhz/inst/clkfbout_buf_clk_wiz_25MHZ                              |
+-----------+-------+-----------------+------------+-------------+-----------------+------+--------+------+-----+----+------+-----+---------+-----------------------------------------------------------------------+
* Clock Loads column represents the clock pin loads (pin count)
** Non-Clock Loads column represents the non-clock pin loads (pin count)
*** Columns FF, LUTRAM, RAMB through 'Hard IP' represents load cell counts


26. Clock Region Cell Placement per Global Clock: Region X1Y1
-------------------------------------------------------------

+-----------+-------+-----------------+------------+-------------+-----------------+------+--------+------+-----+----+------+-----+---------+----------------------------------------------------------------------------+
| Global Id | Track | Driver Type/Pin | Constraint | Clock Loads | Non-Clock Loads | FF   | LUTRAM | RAMB | DSP | GT | MMCM | PLL | Hard IP | Net                                                                        |
+-----------+-------+-----------------+------------+-------------+-----------------+------+--------+------+-----+----+------+-----+---------+----------------------------------------------------------------------------+
| g0        | n/a   | BUFG/O          | None       |        1802 |               0 | 1761 |     11 |    0 |   0 |  0 |    1 |   0 |       0 | DDR2/singal_controller/ddr2_ram/u_sdram_mig/u_ddr2_infrastructure/CLK      |
| g2        | n/a   | BUFG/O          | None       |           7 |               0 |    7 |      0 |    0 |   0 |  0 |    0 |   0 |       0 | wiz25mhz/inst/clk_out                                                      |
| g3        | n/a   | BUFG/O          | None       |           1 |               0 |    0 |      0 |    0 |   0 |  0 |    0 |   0 |       0 | n_0_10559_BUFG                                                             |
| g5        | n/a   | BUFG/O          | None       |          16 |               0 |   15 |      0 |    0 |   0 |  0 |    0 |   0 |       0 | wiz200mhz/inst/clk_out                                                     |
| g6        | n/a   | BUFG/O          | None       |           3 |               0 |    0 |      0 |    0 |   0 |  0 |    0 |   0 |       0 | n_2_16018_BUFG                                                             |
| g15       | n/a   | BUFH/O          | None       |           1 |               0 |    0 |      0 |    0 |   0 |  0 |    1 |   0 |       0 | DDR2/singal_controller/ddr2_ram/u_sdram_mig/u_ddr2_infrastructure/pll_clk3 |
+-----------+-------+-----------------+------------+-------------+-----------------+------+--------+------+-----+----+------+-----+---------+----------------------------------------------------------------------------+
* Clock Loads column represents the clock pin loads (pin count)
** Non-Clock Loads column represents the non-clock pin loads (pin count)
*** Columns FF, LUTRAM, RAMB through 'Hard IP' represents load cell counts


27. Clock Region Cell Placement per Global Clock: Region X0Y2
-------------------------------------------------------------

+-----------+-------+-----------------+------------+-------------+-----------------+-----+--------+------+-----+----+------+-----+---------+-----------------------------------------------------------------------+
| Global Id | Track | Driver Type/Pin | Constraint | Clock Loads | Non-Clock Loads | FF  | LUTRAM | RAMB | DSP | GT | MMCM | PLL | Hard IP | Net                                                                   |
+-----------+-------+-----------------+------------+-------------+-----------------+-----+--------+------+-----+----+------+-----+---------+-----------------------------------------------------------------------+
| g0        | n/a   | BUFG/O          | None       |         285 |               0 | 285 |      0 |    0 |   0 |  0 |    0 |   0 |       0 | DDR2/singal_controller/ddr2_ram/u_sdram_mig/u_ddr2_infrastructure/CLK |
| g1        | n/a   | BUFG/O          | None       |         406 |               0 | 406 |      0 |    0 |   0 |  0 |    0 |   0 |       0 | CLK5MHZ                                                               |
| g2        | n/a   | BUFG/O          | None       |          22 |               0 |  22 |      0 |    0 |   0 |  0 |    0 |   0 |       0 | wiz25mhz/inst/clk_out                                                 |
| g3        | n/a   | BUFG/O          | None       |          63 |               0 |   0 |      0 |    0 |   0 |  0 |    0 |   0 |       0 | n_0_10559_BUFG                                                        |
| g4        | n/a   | BUFG/O          | None       |          31 |               0 |   0 |      0 |    0 |   0 |  0 |    0 |   0 |       0 | n_1_11195_BUFG                                                        |
| g5        | n/a   | BUFG/O          | None       |          46 |               0 |  45 |      0 |    0 |   0 |  0 |    0 |   0 |       0 | wiz200mhz/inst/clk_out                                                |
| g6        | n/a   | BUFG/O          | None       |          24 |               0 |   0 |      0 |    0 |   0 |  0 |    0 |   0 |       0 | n_2_16018_BUFG                                                        |
| g7        | n/a   | BUFG/O          | None       |          12 |               0 |   0 |      0 |    0 |   0 |  0 |    0 |   0 |       0 | CPUn_3_14733_BUFG                                                     |
| g8        | n/a   | BUFG/O          | None       |           6 |               0 |   0 |      0 |    0 |   0 |  0 |    0 |   0 |       0 | n_3_14652_BUFG                                                        |
| g10       | n/a   | BUFG/O          | None       |           2 |               0 |   0 |      0 |    0 |   0 |  0 |    0 |   0 |       0 | n_4_14479_BUFG                                                        |
| g11       | n/a   | BUFG/O          | None       |           3 |               0 |   0 |      0 |    0 |   0 |  0 |    0 |   0 |       0 | n_5_11194_BUFG                                                        |
| g12       | n/a   | BUFG/O          | None       |          30 |               0 |   0 |      0 |    0 |   0 |  0 |    0 |   0 |       0 | n_6_11162_BUFG                                                        |
+-----------+-------+-----------------+------------+-------------+-----------------+-----+--------+------+-----+----+------+-----+---------+-----------------------------------------------------------------------+
* Clock Loads column represents the clock pin loads (pin count)
** Non-Clock Loads column represents the non-clock pin loads (pin count)
*** Columns FF, LUTRAM, RAMB through 'Hard IP' represents load cell counts


28. Clock Region Cell Placement per Global Clock: Region X1Y2
-------------------------------------------------------------

+-----------+-------+-----------------+------------+-------------+-----------------+------+--------+------+-----+----+------+-----+---------+-----------------------------------------------------------------------+
| Global Id | Track | Driver Type/Pin | Constraint | Clock Loads | Non-Clock Loads | FF   | LUTRAM | RAMB | DSP | GT | MMCM | PLL | Hard IP | Net                                                                   |
+-----------+-------+-----------------+------------+-------------+-----------------+------+--------+------+-----+----+------+-----+---------+-----------------------------------------------------------------------+
| g0        | n/a   | BUFG/O          | None       |          94 |               0 |   93 |      1 |    0 |   0 |  0 |    0 |   0 |       0 | DDR2/singal_controller/ddr2_ram/u_sdram_mig/u_ddr2_infrastructure/CLK |
| g1        | n/a   | BUFG/O          | None       |        2407 |               0 | 2407 |      0 |    0 |   0 |  0 |    0 |   0 |       0 | CLK5MHZ                                                               |
| g2        | n/a   | BUFG/O          | None       |         112 |               0 |  112 |      0 |    0 |   0 |  0 |    0 |   0 |       0 | wiz25mhz/inst/clk_out                                                 |
| g4        | n/a   | BUFG/O          | None       |          33 |               0 |    0 |      0 |    0 |   0 |  0 |    0 |   0 |       0 | n_1_11195_BUFG                                                        |
| g7        | n/a   | BUFG/O          | None       |          25 |               0 |    0 |      0 |    0 |   0 |  0 |    0 |   0 |       0 | CPUn_3_14733_BUFG                                                     |
| g8        | n/a   | BUFG/O          | None       |          30 |               0 |    0 |      0 |    0 |   0 |  0 |    0 |   0 |       0 | n_3_14652_BUFG                                                        |
| g9        | n/a   | BUFG/O          | None       |          32 |               0 |    0 |      0 |    0 |   0 |  0 |    0 |   0 |       0 | CPUn_7_14764_BUFG                                                     |
| g10       | n/a   | BUFG/O          | None       |          30 |               0 |    0 |      0 |    0 |   0 |  0 |    0 |   0 |       0 | n_4_14479_BUFG                                                        |
| g11       | n/a   | BUFG/O          | None       |          29 |               0 |    0 |      0 |    0 |   0 |  0 |    0 |   0 |       0 | n_5_11194_BUFG                                                        |
| g12       | n/a   | BUFG/O          | None       |           2 |               0 |    0 |      0 |    0 |   0 |  0 |    0 |   0 |       0 | n_6_11162_BUFG                                                        |
| g13       | n/a   | BUFG/O          | None       |          32 |               0 |    0 |      0 |    0 |   0 |  0 |    0 |   0 |       0 | n_7_13632_BUFG                                                        |
| g14       | n/a   | BUFG/O          | None       |           2 |               0 |    2 |      0 |    0 |   0 |  0 |    0 |   0 |       0 | iIF_branch_predict_fail                                               |
+-----------+-------+-----------------+------------+-------------+-----------------+------+--------+------+-----+----+------+-----+---------+-----------------------------------------------------------------------+
* Clock Loads column represents the clock pin loads (pin count)
** Non-Clock Loads column represents the non-clock pin loads (pin count)
*** Columns FF, LUTRAM, RAMB through 'Hard IP' represents load cell counts


29. Clock Region Cell Placement per Global Clock: Region X0Y3
-------------------------------------------------------------

+-----------+-------+-----------------+------------+-------------+-----------------+----+--------+------+-----+----+------+-----+---------+--------------------------------------------+
| Global Id | Track | Driver Type/Pin | Constraint | Clock Loads | Non-Clock Loads | FF | LUTRAM | RAMB | DSP | GT | MMCM | PLL | Hard IP | Net                                        |
+-----------+-------+-----------------+------------+-------------+-----------------+----+--------+------+-----+----+------+-----+---------+--------------------------------------------+
| g1        | n/a   | BUFG/O          | None       |           5 |               0 |  5 |      0 |    0 |   0 |  0 |    0 |   0 |       0 | CLK5MHZ                                    |
| g16       | n/a   | BUFG/O          | None       |           1 |               0 |  0 |      0 |    0 |   0 |  0 |    1 |   0 |       0 | wiz200mhz/inst/clkfbout_buf_clk_wiz_200MHZ |
+-----------+-------+-----------------+------------+-------------+-----------------+----+--------+------+-----+----+------+-----+---------+--------------------------------------------+
* Clock Loads column represents the clock pin loads (pin count)
** Non-Clock Loads column represents the non-clock pin loads (pin count)
*** Columns FF, LUTRAM, RAMB through 'Hard IP' represents load cell counts


30. Clock Region Cell Placement per Global Clock: Region X1Y3
-------------------------------------------------------------

+-----------+-------+-----------------+------------+-------------+-----------------+----+--------+------+-----+----+------+-----+---------+---------+
| Global Id | Track | Driver Type/Pin | Constraint | Clock Loads | Non-Clock Loads | FF | LUTRAM | RAMB | DSP | GT | MMCM | PLL | Hard IP | Net     |
+-----------+-------+-----------------+------------+-------------+-----------------+----+--------+------+-----+----+------+-----+---------+---------+
| g1        | n/a   | BUFG/O          | None       |          30 |               0 | 30 |      0 |    0 |   0 |  0 |    0 |   0 |       0 | CLK5MHZ |
+-----------+-------+-----------------+------------+-------------+-----------------+----+--------+------+-----+----+------+-----+---------+---------+
* Clock Loads column represents the clock pin loads (pin count)
** Non-Clock Loads column represents the non-clock pin loads (pin count)
*** Columns FF, LUTRAM, RAMB through 'Hard IP' represents load cell counts



# Location of BUFG Primitives 
set_property LOC BUFGCTRL_X0Y14 [get_cells wiz25mhz/inst/clkf_buf]
set_property LOC BUFGCTRL_X0Y2 [get_cells wiz25mhz/inst/clkout1_buf]
set_property LOC BUFGCTRL_X0Y17 [get_cells wiz200mhz/inst/clkf_buf]
set_property LOC BUFGCTRL_X0Y16 [get_cells wiz200mhz/inst/clkout1_buf]
set_property LOC BUFGCTRL_X0Y12 [get_cells n_7_13632_BUFG_inst]
set_property LOC BUFGCTRL_X0Y11 [get_cells n_6_11162_BUFG_inst]
set_property LOC BUFGCTRL_X0Y10 [get_cells n_5_11194_BUFG_inst]
set_property LOC BUFGCTRL_X0Y9 [get_cells n_4_14479_BUFG_inst]
set_property LOC BUFGCTRL_X0Y7 [get_cells n_3_14652_BUFG_inst]
set_property LOC BUFGCTRL_X0Y5 [get_cells n_2_16018_BUFG_inst]
set_property LOC BUFGCTRL_X0Y4 [get_cells n_1_11195_BUFG_inst]
set_property LOC BUFGCTRL_X0Y3 [get_cells n_0_10559_BUFG_inst]
set_property LOC BUFGCTRL_X0Y13 [get_cells FSM_sequential_state_reg[1]_i_2]
set_property LOC BUFGCTRL_X0Y0 [get_cells DDR2/singal_controller/ddr2_ram/u_sdram_mig/u_ddr2_infrastructure/u_bufg_clkdiv0]
set_property LOC BUFGCTRL_X0Y8 [get_cells CPUn_7_14764_BUFG_inst]
set_property LOC BUFGCTRL_X0Y6 [get_cells CPUn_3_14733_BUFG_inst]
set_property LOC BUFGCTRL_X0Y1 [get_cells Q1_reg_i_3]

# Location of BUFH Primitives 
set_property LOC BUFHCE_X1Y12 [get_cells DDR2/singal_controller/ddr2_ram/u_sdram_mig/u_ddr2_infrastructure/u_bufh_pll_clk3]

# Location of IO Primitives which is load of clock spine

# Location of clock ports
set_property LOC IOB_X1Y126 [get_ports clk]

# Clock net "wiz25mhz/inst/clk_out" driven by instance "wiz25mhz/inst/clkout1_buf" located at site "BUFGCTRL_X0Y2"
#startgroup
create_pblock {CLKAG_wiz25mhz/inst/clk_out}
add_cells_to_pblock [get_pblocks  {CLKAG_wiz25mhz/inst/clk_out}] [get_cells -filter { PRIMITIVE_GROUP != I/O && IS_PRIMITIVE==1 && PRIMITIVE_LEVEL !=INTERNAL } -of_object [get_pins -filter {DIRECTION==IN} -of_objects [get_nets -hierarchical -filter {PARENT=="wiz25mhz/inst/clk_out"}]]]
resize_pblock [get_pblocks {CLKAG_wiz25mhz/inst/clk_out}] -add {CLOCKREGION_X0Y2:CLOCKREGION_X0Y2 CLOCKREGION_X1Y1:CLOCKREGION_X1Y1 CLOCKREGION_X1Y2:CLOCKREGION_X1Y2}
#endgroup

# Clock net "wiz200mhz/inst/clk_out" driven by instance "wiz200mhz/inst/clkout1_buf" located at site "BUFGCTRL_X0Y16"
#startgroup
create_pblock {CLKAG_wiz200mhz/inst/clk_out}
add_cells_to_pblock [get_pblocks  {CLKAG_wiz200mhz/inst/clk_out}] [get_cells -filter { PRIMITIVE_GROUP != I/O && IS_PRIMITIVE==1 && PRIMITIVE_LEVEL !=INTERNAL } -of_object [get_pins -filter {DIRECTION==IN} -of_objects [get_nets -hierarchical -filter {PARENT=="wiz200mhz/inst/clk_out"}]]]
resize_pblock [get_pblocks {CLKAG_wiz200mhz/inst/clk_out}] -add {CLOCKREGION_X0Y2:CLOCKREGION_X0Y2 CLOCKREGION_X1Y1:CLOCKREGION_X1Y1}
#endgroup

# Clock net "n_7_13632_BUFG" driven by instance "n_7_13632_BUFG_inst" located at site "BUFGCTRL_X0Y12"
#startgroup
create_pblock {CLKAG_n_7_13632_BUFG}
add_cells_to_pblock [get_pblocks  {CLKAG_n_7_13632_BUFG}] [get_cells -filter { PRIMITIVE_GROUP != I/O && IS_PRIMITIVE==1 && PRIMITIVE_LEVEL !=INTERNAL } -of_object [get_pins -filter {DIRECTION==IN} -of_objects [get_nets -hierarchical -filter {PARENT=="n_7_13632_BUFG"}]]]
resize_pblock [get_pblocks {CLKAG_n_7_13632_BUFG}] -add {CLOCKREGION_X1Y2:CLOCKREGION_X1Y2}
#endgroup

# Clock net "n_6_11162_BUFG" driven by instance "n_6_11162_BUFG_inst" located at site "BUFGCTRL_X0Y11"
#startgroup
create_pblock {CLKAG_n_6_11162_BUFG}
add_cells_to_pblock [get_pblocks  {CLKAG_n_6_11162_BUFG}] [get_cells -filter { PRIMITIVE_GROUP != I/O && IS_PRIMITIVE==1 && PRIMITIVE_LEVEL !=INTERNAL } -of_object [get_pins -filter {DIRECTION==IN} -of_objects [get_nets -hierarchical -filter {PARENT=="n_6_11162_BUFG"}]]]
resize_pblock [get_pblocks {CLKAG_n_6_11162_BUFG}] -add {CLOCKREGION_X0Y2:CLOCKREGION_X0Y2 CLOCKREGION_X1Y2:CLOCKREGION_X1Y2}
#endgroup

# Clock net "n_5_11194_BUFG" driven by instance "n_5_11194_BUFG_inst" located at site "BUFGCTRL_X0Y10"
#startgroup
create_pblock {CLKAG_n_5_11194_BUFG}
add_cells_to_pblock [get_pblocks  {CLKAG_n_5_11194_BUFG}] [get_cells -filter { PRIMITIVE_GROUP != I/O && IS_PRIMITIVE==1 && PRIMITIVE_LEVEL !=INTERNAL } -of_object [get_pins -filter {DIRECTION==IN} -of_objects [get_nets -hierarchical -filter {PARENT=="n_5_11194_BUFG"}]]]
resize_pblock [get_pblocks {CLKAG_n_5_11194_BUFG}] -add {CLOCKREGION_X0Y2:CLOCKREGION_X0Y2 CLOCKREGION_X1Y2:CLOCKREGION_X1Y2}
#endgroup

# Clock net "n_4_14479_BUFG" driven by instance "n_4_14479_BUFG_inst" located at site "BUFGCTRL_X0Y9"
#startgroup
create_pblock {CLKAG_n_4_14479_BUFG}
add_cells_to_pblock [get_pblocks  {CLKAG_n_4_14479_BUFG}] [get_cells -filter { PRIMITIVE_GROUP != I/O && IS_PRIMITIVE==1 && PRIMITIVE_LEVEL !=INTERNAL } -of_object [get_pins -filter {DIRECTION==IN} -of_objects [get_nets -hierarchical -filter {PARENT=="n_4_14479_BUFG"}]]]
resize_pblock [get_pblocks {CLKAG_n_4_14479_BUFG}] -add {CLOCKREGION_X0Y2:CLOCKREGION_X0Y2 CLOCKREGION_X1Y2:CLOCKREGION_X1Y2}
#endgroup

# Clock net "n_3_14652_BUFG" driven by instance "n_3_14652_BUFG_inst" located at site "BUFGCTRL_X0Y7"
#startgroup
create_pblock {CLKAG_n_3_14652_BUFG}
add_cells_to_pblock [get_pblocks  {CLKAG_n_3_14652_BUFG}] [get_cells -filter { PRIMITIVE_GROUP != I/O && IS_PRIMITIVE==1 && PRIMITIVE_LEVEL !=INTERNAL } -of_object [get_pins -filter {DIRECTION==IN} -of_objects [get_nets -hierarchical -filter {PARENT=="n_3_14652_BUFG"}]]]
resize_pblock [get_pblocks {CLKAG_n_3_14652_BUFG}] -add {CLOCKREGION_X0Y2:CLOCKREGION_X0Y2 CLOCKREGION_X1Y2:CLOCKREGION_X1Y2}
#endgroup

# Clock net "n_2_16018_BUFG" driven by instance "n_2_16018_BUFG_inst" located at site "BUFGCTRL_X0Y5"
#startgroup
create_pblock {CLKAG_n_2_16018_BUFG}
add_cells_to_pblock [get_pblocks  {CLKAG_n_2_16018_BUFG}] [get_cells -filter { PRIMITIVE_GROUP != I/O && IS_PRIMITIVE==1 && PRIMITIVE_LEVEL !=INTERNAL } -of_object [get_pins -filter {DIRECTION==IN} -of_objects [get_nets -hierarchical -filter {PARENT=="n_2_16018_BUFG"}]]]
resize_pblock [get_pblocks {CLKAG_n_2_16018_BUFG}] -add {CLOCKREGION_X0Y1:CLOCKREGION_X0Y1 CLOCKREGION_X0Y2:CLOCKREGION_X0Y2 CLOCKREGION_X1Y1:CLOCKREGION_X1Y1}
#endgroup

# Clock net "n_1_11195_BUFG" driven by instance "n_1_11195_BUFG_inst" located at site "BUFGCTRL_X0Y4"
#startgroup
create_pblock {CLKAG_n_1_11195_BUFG}
add_cells_to_pblock [get_pblocks  {CLKAG_n_1_11195_BUFG}] [get_cells -filter { PRIMITIVE_GROUP != I/O && IS_PRIMITIVE==1 && PRIMITIVE_LEVEL !=INTERNAL } -of_object [get_pins -filter {DIRECTION==IN} -of_objects [get_nets -hierarchical -filter {PARENT=="n_1_11195_BUFG"}]]]
resize_pblock [get_pblocks {CLKAG_n_1_11195_BUFG}] -add {CLOCKREGION_X0Y2:CLOCKREGION_X0Y2 CLOCKREGION_X1Y2:CLOCKREGION_X1Y2}
#endgroup

# Clock net "n_0_10559_BUFG" driven by instance "n_0_10559_BUFG_inst" located at site "BUFGCTRL_X0Y3"
#startgroup
create_pblock {CLKAG_n_0_10559_BUFG}
add_cells_to_pblock [get_pblocks  {CLKAG_n_0_10559_BUFG}] [get_cells -filter { PRIMITIVE_GROUP != I/O && IS_PRIMITIVE==1 && PRIMITIVE_LEVEL !=INTERNAL } -of_object [get_pins -filter {DIRECTION==IN} -of_objects [get_nets -hierarchical -filter {PARENT=="n_0_10559_BUFG"}]]]
resize_pblock [get_pblocks {CLKAG_n_0_10559_BUFG}] -add {CLOCKREGION_X0Y2:CLOCKREGION_X0Y2 CLOCKREGION_X1Y1:CLOCKREGION_X1Y1}
#endgroup

# Clock net "iIF_branch_predict_fail" driven by instance "FSM_sequential_state_reg[1]_i_2" located at site "BUFGCTRL_X0Y13"
#startgroup
create_pblock {CLKAG_iIF_branch_predict_fail}
add_cells_to_pblock [get_pblocks  {CLKAG_iIF_branch_predict_fail}] [get_cells -filter { PRIMITIVE_GROUP != I/O && IS_PRIMITIVE==1 && PRIMITIVE_LEVEL !=INTERNAL } -of_object [get_pins -filter {DIRECTION==IN} -of_objects [get_nets -hierarchical -filter {PARENT=="iIF_branch_predict_fail"}]]]
resize_pblock [get_pblocks {CLKAG_iIF_branch_predict_fail}] -add {CLOCKREGION_X1Y2:CLOCKREGION_X1Y2}
#endgroup

# Clock net "DDR2/singal_controller/ddr2_ram/u_sdram_mig/u_ddr2_infrastructure/CLK" driven by instance "DDR2/singal_controller/ddr2_ram/u_sdram_mig/u_ddr2_infrastructure/u_bufg_clkdiv0" located at site "BUFGCTRL_X0Y0"
#startgroup
create_pblock {CLKAG_DDR2/singal_controller/ddr2_ram/u_sdram_mig/u_ddr2_infrastructure/CLK}
add_cells_to_pblock [get_pblocks  {CLKAG_DDR2/singal_controller/ddr2_ram/u_sdram_mig/u_ddr2_infrastructure/CLK}] [get_cells -filter { PRIMITIVE_GROUP != I/O && IS_PRIMITIVE==1 && PRIMITIVE_LEVEL !=INTERNAL && NAME!=DDR2/singal_controller/ddr2_ram/u_sdram_mig/u_ddr2_infrastructure/gen_mmcm.mmcm_i} -of_object [get_pins -filter {DIRECTION==IN} -of_objects [get_nets -hierarchical -filter {PARENT=="DDR2/singal_controller/ddr2_ram/u_sdram_mig/u_ddr2_infrastructure/CLK"}]]]
resize_pblock [get_pblocks {CLKAG_DDR2/singal_controller/ddr2_ram/u_sdram_mig/u_ddr2_infrastructure/CLK}] -add {CLOCKREGION_X0Y1:CLOCKREGION_X0Y1 CLOCKREGION_X0Y2:CLOCKREGION_X0Y2 CLOCKREGION_X1Y1:CLOCKREGION_X1Y1 CLOCKREGION_X1Y2:CLOCKREGION_X1Y2}
#endgroup

# Clock net "CPUn_7_14764_BUFG" driven by instance "CPUn_7_14764_BUFG_inst" located at site "BUFGCTRL_X0Y8"
#startgroup
create_pblock {CLKAG_CPUn_7_14764_BUFG}
add_cells_to_pblock [get_pblocks  {CLKAG_CPUn_7_14764_BUFG}] [get_cells -filter { PRIMITIVE_GROUP != I/O && IS_PRIMITIVE==1 && PRIMITIVE_LEVEL !=INTERNAL } -of_object [get_pins -filter {DIRECTION==IN} -of_objects [get_nets -hierarchical -filter {PARENT=="CPUn_7_14764_BUFG"}]]]
resize_pblock [get_pblocks {CLKAG_CPUn_7_14764_BUFG}] -add {CLOCKREGION_X1Y2:CLOCKREGION_X1Y2}
#endgroup

# Clock net "CPUn_3_14733_BUFG" driven by instance "CPUn_3_14733_BUFG_inst" located at site "BUFGCTRL_X0Y6"
#startgroup
create_pblock {CLKAG_CPUn_3_14733_BUFG}
add_cells_to_pblock [get_pblocks  {CLKAG_CPUn_3_14733_BUFG}] [get_cells -filter { PRIMITIVE_GROUP != I/O && IS_PRIMITIVE==1 && PRIMITIVE_LEVEL !=INTERNAL } -of_object [get_pins -filter {DIRECTION==IN} -of_objects [get_nets -hierarchical -filter {PARENT=="CPUn_3_14733_BUFG"}]]]
resize_pblock [get_pblocks {CLKAG_CPUn_3_14733_BUFG}] -add {CLOCKREGION_X0Y2:CLOCKREGION_X0Y2 CLOCKREGION_X1Y2:CLOCKREGION_X1Y2}
#endgroup

# Clock net "CLK5MHZ" driven by instance "Q1_reg_i_3" located at site "BUFGCTRL_X0Y1"
#startgroup
create_pblock {CLKAG_CLK5MHZ}
add_cells_to_pblock [get_pblocks  {CLKAG_CLK5MHZ}] [get_cells -filter { PRIMITIVE_GROUP != I/O && IS_PRIMITIVE==1 && PRIMITIVE_LEVEL !=INTERNAL } -of_object [get_pins -filter {DIRECTION==IN} -of_objects [get_nets -hierarchical -filter {PARENT=="CLK5MHZ"}]]]
resize_pblock [get_pblocks {CLKAG_CLK5MHZ}] -add {CLOCKREGION_X0Y2:CLOCKREGION_X0Y2 CLOCKREGION_X0Y3:CLOCKREGION_X0Y3 CLOCKREGION_X1Y2:CLOCKREGION_X1Y2 CLOCKREGION_X1Y3:CLOCKREGION_X1Y3}
#endgroup
