#-----------------------------------------------------------
# Webtalk v2020.2 (64-bit)
# SW Build 3064766 on Wed Nov 18 09:12:45 MST 2020
# IP Build 3064653 on Wed Nov 18 14:17:31 MST 2020
# Start of session at: Tue May 11 16:18:52 2021
# Process ID: 7816
# Current directory: G:/document/semester6/ComputerSystemExperiment/Wishbone/Wishbone.sim/sim_1/behav/xsim
# Command line: wbtcv.exe -mode batch -source G:/document/semester6/ComputerSystemExperiment/Wishbone/Wishbone.sim/sim_1/behav/xsim/xsim.dir/wb_conmax_top_behav/webtalk/xsim_webtalk.tcl -notrace
# Log file: G:/document/semester6/ComputerSystemExperiment/Wishbone/Wishbone.sim/sim_1/behav/xsim/webtalk.log
# Journal file: G:/document/semester6/ComputerSystemExperiment/Wishbone/Wishbone.sim/sim_1/behav/xsim\webtalk.jou
#-----------------------------------------------------------
source G:/document/semester6/ComputerSystemExperiment/Wishbone/Wishbone.sim/sim_1/behav/xsim/xsim.dir/wb_conmax_top_behav/webtalk/xsim_webtalk.tcl -notrace
